// Jest Snapshot v1, https://goo.gl/fbAQLP

exports[`<Card /> should render Card Component 1`] = `
<div>
  I am card component
</div>
`;
